// Jest Snapshot v1, https://goo.gl/fbAQLP

exports[`Check the alert renders it should match the snapshot 1`] = `
<div
  className="a-alert a-alert--error"
>
  <span
    className="a-alert__icon"
  >
    âœ•
  </span>
  This is an error message
</div>
`;
