// Jest Snapshot v1, https://goo.gl/fbAQLP

exports[`Check the title renders it should match the snapshot 1`] = `
<h3
  className="a-header a-header--primary"
>
  I am a h3 title
</h3>
`;
