// Jest Snapshot v1, https://goo.gl/fbAQLP

exports[`Check the button renders it should match the snapshot 1`] = `
<button
  className="a-btn a-btn--primary"
  type="button"
>
  Click me I'm a button
</button>
`;
