// Jest Snapshot v1, https://goo.gl/fbAQLP

exports[`Check the identifier renders it should match the snapshot 1`] = `
<span
  className="a-identifier a-identifier--reg a-identifier--small"
>
  SD13 FWW
</span>
`;
